# x; y; band 0 low; band 0 high; band 1 low; band 1 high
         0   0.069124   0.034949    0.14399  0.047832    0.10298
