# x; y; band 0 low; band 0 high; band 1 low; band 1 high
         0    0.10975   0.055497    0.22733  0.074952    0.16253
