# x; y; band 0 low; band 0 high; band 1 low; band 1 high
         0   0.072828   0.036541    0.15363  0.050137    0.10806
