# x; y; band 0 low; band 0 high; band 1 low; band 1 high
         0   0.079308   0.039375    0.16304  0.054753    0.11517
