# x; y; band 0 low; band 0 high; band 1 low; band 1 high
         0   0.069895   0.035485    0.14702  0.048258    0.10346
