# x; y; band 0 low; band 0 high; band 1 low; band 1 high
         0    0.13239   0.066397    0.28069   0.09356     0.1972
