# x; y; band 0 low; band 0 high; band 1 low; band 1 high
         0   0.079747   0.040413    0.16734  0.054983    0.11708
