# x; y; band 0 low; band 0 high; band 1 low; band 1 high
         0   0.079294   0.038438    0.16288  0.054399    0.11582
