# x; y; band 0 low; band 0 high; band 1 low; band 1 high
         0   0.080465   0.040848    0.16661  0.055971    0.11875
