# x; y; band 0 low; band 0 high; band 1 low; band 1 high
         0   0.069627   0.034422    0.14374  0.047989    0.10163
