# x; y; band 0 low; band 0 high; band 1 low; band 1 high
         0   0.077753   0.039354    0.15971  0.053905    0.11262
