# x; y; band 0 low; band 0 high; band 1 low; band 1 high
         0   0.095529   0.048389    0.20002  0.066084    0.14073
