# x; y; band 0 low; band 0 high; band 1 low; band 1 high
         0    0.06919   0.034972    0.14324  0.047907    0.10137
