# x; y; band 0 low; band 0 high; band 1 low; band 1 high
         0   0.069554   0.035179    0.14437  0.048187    0.10194
