# x; y; band 0 low; band 0 high; band 1 low; band 1 high
         0    0.08651   0.043132    0.18245  0.059439    0.12807
