# x; y; band 0 low; band 0 high; band 1 low; band 1 high
         0   0.079577   0.040157    0.16622  0.054821    0.11717
