# x; y; band 0 low; band 0 high; band 1 low; band 1 high
         0   0.079026    0.03999    0.16335  0.054827    0.11601
