# x; y; band 0 low; band 0 high; band 1 low; band 1 high
         0   0.069776   0.034998    0.14593  0.048144    0.10244
