# x; y; band 0 low; band 0 high; band 1 low; band 1 high
         0     0.1105   0.055303    0.23054  0.076058    0.16227
