# x; y; band 0 low; band 0 high; band 1 low; band 1 high
         0    0.10546   0.052586    0.22226  0.072448    0.15655
