# x; y; band 0 low; band 0 high; band 1 low; band 1 high
         0   0.068931     0.0349    0.14404  0.047718    0.10119
