# x; y; band 0 low; band 0 high; band 1 low; band 1 high
         0   0.079965   0.040526    0.16608  0.055388    0.11733
