# x; y; band 0 low; band 0 high; band 1 low; band 1 high
         0   0.088929   0.044853     0.1849  0.061451     0.1303
